Rep/Any.cpp
Rep/Any.h
Rep/AspectRep.cpp
Rep/AspectRep.h
Rep/AtomRep.cpp
Rep/AtomRep.h
Rep/AttributeRep.cpp
Rep/AttributeRep.h
Rep/Broker.cpp
Rep/Broker.h
Rep/ConnJoint.cpp
Rep/ConnJoint.h
Rep/ConnectionRep.cpp
Rep/ConnectionRep.h
Rep/ConstraintFuncRep.cpp
Rep/ConstraintFuncRep.h
Rep/ConstraintRep.cpp
Rep/ConstraintRep.h
Rep/Dumper.cpp
Rep/Dumper.h
Rep/FCO.cpp
Rep/FCO.h
Rep/FcoRep.h
Rep/FolderRep.cpp
Rep/FolderRep.h
Rep/ModelRep.cpp
Rep/ModelRep.h
Rep/PartRep.h
Rep/PointerItem.cpp
Rep/PointerItem.h
Rep/ReferenceRep.cpp
Rep/ReferenceRep.h
Rep/RoleRep.cpp
Rep/RoleRep.h
Rep/RootFolder.cpp
Rep/RootFolder.h
Rep/SetRep.cpp
Rep/SetRep.h
Rep/Sheet.cpp
Rep/Sheet.h
Asp/AspectPage.cpp
Asp/AspectPage.h
Asp/AspectSpecDlg.cpp
Asp/AspectSpecDlg.h
Asp/AspectSpecTbl.cpp
Asp/AspectSpecTbl.h
Asp/EventsDial.cpp
Asp/EventsDial.h
Asp/GlobalAspOrder.cpp
Asp/GlobalAspOrder.h
Asp/InPlaceEdit.cpp
Asp/InPlaceEdit.h
Asp/InPlaceList.cpp
Asp/InPlaceList.h
Asp/NameSpecDlg.cpp
Asp/NameSpecDlg.h
Asp/NameSpecTbl.cpp
Asp/NameSpecTbl.h
Asp/Options.cpp
Asp/options.h
BON2Component.cpp
BON2Component.h
BON2Engine.cpp
Component.rc
ComponentConfig.h
Globals.h
LogStream.cpp
LogStream.h
MetaGME2004.vcproj
Regexp.cpp
Regexp.h
StdAfx.cpp
StdAfx.h
bitmapDN.bmp
bitmapup.bmp
compicon.ico
component.def
entity.h
iconDN.ico
iconUP.ico
logger.cpp
logger.h
relation.cpp
relation.h
resource.h
token.cpp
token.h
